BEGIN;801180075;HELAGO-CZ, s.r.o.;VWR;ORDERS;20180215;102511;HEAD;801180075;20180215;;CZK;SOLDTO;26000611;HELAGO-CZ, s.r.o.SHIPTO;26000611;HELAGO-CZ, s.r.o.;;;;Kladská 1082;;;;;Hradec Králové 3;500 03;CZ;odbyt@helago-cz.cz;495 768 317LINE;000001;;331355060500.;Střička bezpečnostní širokohrdlá, LDPE, s potiskem, destil. voda, 500;10.000;;20180215;;LINE;000002;;331355030250.;Střička bezpečnostní širokohrdlá, LDPE, s potiskem, Isopropanol, 250 m;10.000;;20180215;;LINE;000003;;331707132605.;Střička celobarevná, PE-LD, úzkohrdlá, zelená, 250ml;10.000;;20180215;;LINE;000004;;331707132603.;Střička celobarevná, PE-LD, úzkohrdlá, červená,250 ml;10.000;;20180215;;END;801180075