BEGIN;801180084;HELAGO-CZ, s.r.o.;VWR;ORDERS;20180219;102511;HEAD;801180084;20180219;;CZK;SOLDTO;26000611;HELAGO-CZ, s.r.o.SHIPTO;26000611;HELAGO-CZ, s.r.o.;;;;Kladská 1082;;;;;Hradec Králové 3;500 03;CZ;odbyt@helago-cz.cz;495 768 317LINE;000001;;00031.;Inkubátor INCU-Line®IL 10, průhledné okno;1.000;;20180219;;LINE;000002;;397635530303.;Kleště kelímkové, nerez, 250 mm;4.000;;20180219;;END;801180084