BEGIN;ONTS40180637;Perfect;VWR;ORDERS;20181211;102511;HEAD;ONTS40180637;20181211;;CZK;SOLDTO;26002813;Perfect Distribution a.s. (Třinec)SHIPTO;26006315;Perfect Distribution a.s. (Třinec);;;;Konská 198;;;;;Třinec;739 61;CZ;libuse.styskalova@pfd.agel.cz;+420 606 784 687LINE;000001;;KAKO4416428;Kartac na lahve s PH drzakem (silon)pr.50;2.000;;20181211;22.50;45.00END;ONTS40180637