BEGIN;ONT651803027;Perfect;VWR;ORDERS;20180905;102511;HEAD;ONT651803027;20180905;;CZK;SOLDTO;26002813;Perfect Distribution a.s. Airport Logistic ParkSHIPTO;26005857;Perfect Distribution a.s. Airport Logistic Park;;;;Kněževes 185;;;;;Kněževes;252 68;CZ;libuse.styskalova@pfd.agel.cz;+420 606 784 687LINE;000001;;613-3881;Strikacka injekcni tridilna TERUMO 50ml catheter tip - zanetka (25ks/bal) (SS+50C1)=TER2BS50C;200.000;;20180905;9.35;1870.00LINE;000002;;EXAT125101;Teplomer chladnickovy -30+40°C, plastova deska, 53x25mm (EXAT125101);2.000;;20180905;32.10;64.20LINE;000003;;JIZE213A/2;Tloucek treci drsny,  213a/2  30x135mm (JIZE213A/2);2.000;;20180905;48.60;97.20LINE;000004;;JIZE211A/1A;Miska treci drsna, 75ml;1.000;;20180905;97.20;97.20LINE;000005;;JIZE213A/4;Tloucek treci drsny, 42 x 175 mm;1.000;;20180905;85.80;85.80END;ONT651803027