BEGIN;8172842425;Pharmos;VWR;ORDERS;20180822;102511;HEAD;8172842425;20180822;;CZK;SOLDTO;26002042;Pharmos, a.s. BrandýsekSHIPTO;26005965;Pharmos, a.s. Brandýsek;;;;Slánská 79;;;;;Brandýsek;273 41;CZ;marie.baladova@pharmos.cz;312 777 057LINE;000001;;VTRB632417012150;Kádinka vysoká  150ml          153;3.000;;20180822;23.00;69.00LINE;000002;;GAMA204811;Láhev na moè mu¾ská z PH  modré víèko 1l  VITRUM;120.000;;20180822;30.30;3636.00LINE;000003;;JIZE211A/1/0;Miska tøecí drsná pr. 8,1 cm 211a/1/0 ;4.000;;20180822;90.10;360.40LINE;000004;;TNOS632524325025;Støièka UH 250 ml + uzávìr (skleò.kolínko);6.000;;20180822;29.60;177.60LINE;000005;;JIZE213A/1;Tlouèek drsný 213a/1      115mm;8.000;;20180822;43.20;345.60LINE;000006;;JIZE213A/2;Tlouèek drsný 213a/2     135mm;6.000;;20180822;49.70;298.20END;8172842425