BEGIN;8172857275;Pharmos;VWR;ORDERS;20181109;102511;HEAD;8172857275;20181109;;CZK;SOLDTO;26002042;Pharmos, a.s. BrandýsekSHIPTO;26005965;Pharmos, a.s. Brandýsek;;;;Slánská 79;;;;;Brandýsek;273 41;CZ;marie.baladova@pharmos.cz;312 777 057LINE;000001;;JIZE213A/2;Tlouèek drsný 213a/2     135mm;8.000;;20181109;49.70;397.60END;8172857275