BEGIN;N19-04644-1;Spolek pro chemickou a hutní výrobu, akciová společnost;VWR;ORDERS;20190329;102511;HEAD;N19-04644-1;20190329;;CZK;SOLDTO;26000135;Spolek pro chemickou a hutní výrobu, akciová společnostSHIPTO;26000135;Spolek pro chemickou a hutní výrobu, akciová společnost;;;;Kekulova/Sklářská;;;;;Ústí nad Labem;400 32;CZ;korinkova@spolchemie.cz;477 164 632LINE;000001;;612-3609.;Pipeta Pasteurova PE, Brand, bez graduace (bal.500ks) objem 4ml, tenká špička;5.000;;20190329;157.5;787.50LINE;000002;;BRND747750.;Pipeta Pasteurova PE, Brand, bez graduace (bal.500ks);5.000;;20190329;490.9;2454.50LINE;000003;;GLAS071.202.20.;Baňka kuželová ERLEN. s NZ 29/32, 250ml;20.000;;20190329;114.06;2281.20LINE;000004;;GLAS075.202.02.;Baňka Erlen. se závitem GL25 vč.uzávěru, 100 ml;10.000;;20190329;93.41;934.10LINE;000005;;VTRB632411103250.;Baňka titrační s plochým dnem širokohrdlá, 250ml, vyhnutý okraj;10.000;;20190329;99;990.00LINE;000006;;GLAS071.202.14.;Baňka kuželová ERLEN. s NZ  29/32, 100 ml;10.000;;20190329;96.62;966.20LINE;000007;;VITU21500.;Kelímek bílý PP se šr. uz. 625ml (500g);120.000;;20190329;26.75;3210.00LINE;000008;;SIMPB700-100/100ks.;Kádinka PP tři-výtoková 100 ml, obj.č.212-9302, bal.100ks;5.000;;20190329;814.59;4072.95LINE;000009;;IBSA040-228.;Lékovka bílá s uzávěrem 130ml, širokohrdlá, obj.č. 635 038 040 228 (balení 56ks);112.000;;20190329;15.93;1784.16LINE;000010;;181-0296.;Set rychlospojek pro připojení VHC lahve č.adaptéru a přívodní hadice pro aspir.systém Vacuubrand;1.000;;20190329;2699;2699.00LINE;000011;;282224416428.;Kartáč na lahve prům.50 mm s vějířkem, držadlo, silon;10.000;;20190329;18.51;185.10LINE;000012;;PLUM4604.;Roztok na výplach očí s 0,9% kuchyň.soli PLUM 500ml;1.000;;20190329;209.6;209.60END;N19-04644-1