BEGIN;N19-04779-1;Spolek pro chemickou a hutní výrobu, akciová společnost;VWR;ORDERS;20190401;102511;HEAD;N19-04779-1;20190401;;CZK;SOLDTO;26000135;Spolek pro chemickou a hutní výrobu, akciová společnostSHIPTO;26000135;Spolek pro chemickou a hutní výrobu, akciová společnost;;;;Kekulova/Sklářská;;;;;Ústí nad Labem;400 32;CZ;korinkova@spolchemie.cz;477 164 632LINE;000001;;0303/0030025.;DR-krém na ruce měsíčkový;5.000;;20190401;11.9;59.50LINE;000002;;0305/0065010.;DR-Štětka WC + nádobka;2.000;;20190401;35.88;71.76LINE;000003;;0310/7000010.;LINTEO Classic toaletní papír 2vr. (4ks);12.000;;20190401;15;180.00LINE;000004;;0304/1005101.;DR - Jar 450 ml  Info Hausman, stř. 10465;3.000;;20190401;24.7;74.10LINE;000005;;0303/3061200.;DR-Mycí prostředek na nádobí  500 ml  48414-pí. Kuntová;5.000;;20190401;13.7;68.50LINE;000006;;0304/5000199.;DR-Čistící tekutý prášek  48414-pí. Kuntová;5.000;;20190401;15.2;76.00LINE;000007;;0310/7000010.;LINTEO Classic toaletní papír 2vr. (4ks)  48414-pí. Kuntová;16.000;;20190401;15;240.00LINE;000008;;0303/5000140.;DR-Mýdlo toaletní 100 g  48414-pí. Kuntová;48.000;;20190401;4.4;211.20LINE;000009;;0303/0030017.;DR-Solvina (mycí pasta) 450 g  INDUSTRY 48414-pí. Kuntová;24.000;;20190401;15.6;374.40LINE;000010;;0610/5000006.;DR-pasta na zuby  48414-pí. Kuntová;12.000;;20190401;21.8;261.60LINE;000011;;0303/0030026.;DR-krém na ruce 100ml s propolisem  48414-pí. Kuntová;10.000;;20190401;10.5;105.00LINE;000012;;0310/7000010.;LINTEO Classic toaletní papír 2vr. (4ks);50.000;;20190401;15;750.00LINE;000013;;0303/0030017.;DR-Solvina (mycí pasta) 450 g;24.000;;20190401;15.6;374.40LINE;000014;;0303/7000011.;DR-Šampon na vlasy 500 ml;24.000;;20190401;15.5;372.00LINE;000015;;0303/0030019.;DR-krém na ruce modrý universal D-panthenol;24.000;;20190401;11.9;285.60LINE;000016;;0303/6001876.;Peodorant spray dezinfekční na nohy 150ml;20.000;;20190401;38.5;770.00LINE;000017;;0310/7000010.;LINTEO Classic toaletní papír 2vr. (4ks);20.000;;20190401;15;300.00LINE;000018;;0303/7000011.;DR-Šampon na vlasy 500 ml;30.000;;20190401;15.5;465.00LINE;000019;;0303/0030019.;DR-krém na ruce modrý universal D-panthenol;30.000;;20190401;11.9;357.00LINE;000020;;0303/5498110.;DR- Mýdlo tekuté - 1000 ml;15.000;;20190401;26.5;397.50LINE;000021;;0303/6001876.;Peodorant spray dezinfekční na nohy 150ml;30.000;;20190401;38.5;1155.00LINE;000022;;0610/5000006.;DR-pasta na zuby;48.000;;20190401;21.8;1046.40LINE;000023;;0310/7000010.;LINTEO Classic toaletní papír 2vr. (4ks);20.000;;20190401;15;300.00LINE;000024;;0303/7000011.;DR-Šampon na vlasy 500 ml;20.000;;20190401;15.5;310.00LINE;000025;;0303/5498110.;DR- Mýdlo tekuté - 1000 ml;15.000;;20190401;26.5;397.50LINE;000026;;0303/0030019.;DR-krém na ruce modrý universal D-panthenol;20.000;;20190401;11.9;238.00LINE;000027;;0304/1005101.;DR - Jar 450 ml;3.000;;20190401;24.7;74.10LINE;000028;;0305/0044011.;Prachovka úklidová univerzální (3ks);3.000;;20190401;8.28;24.84LINE;000029;;0305/0083403.;SÖKE Economic víceúčelová utěrka (3ks);3.000;;20190401;12;36.00LINE;000030;;0305/0083710.;SÖKE Economic houba mycí na nádobí (10ks);1.000;;20190401;9;9.00LINE;000031;;0304/4000210.;DR-Čistící prostředek - písek Q-Power písek 400g;3.000;;20190401;17.04;51.12LINE;000032;;0303/6001876.;Peodorant spray dezinfekční na nohy 150ml;18.000;;20190401;38.5;693.00LINE;000033;;0303/5000140.;DR-Mýdlo toaletní 100 g;51.000;;20190401;4.4;224.40LINE;000034;;0610/5000006.;DR-pasta na zuby;18.000;;20190401;21.8;392.40LINE;000035;;0303/7000011.;DR-Šampon na vlasy 500 ml;18.000;;20190401;15.5;279.00LINE;000036;;0610/4999910.;DR-KARTÁČEK NA ZUBY (balení 3 ks);18.000;;20190401;9;162.00LINE;000037;;0303/3061200.;DR-Mycí prostředek na nádobí;5.000;;20190401;13.7;68.50LINE;000038;;0303/5000140.;DR-Mýdlo toaletní 100 g;20.000;;20190401;4.4;88.00LINE;000039;;0303/6001876.;Peodorant spray dezinfekční na nohy 150ml;6.000;;20190401;38.5;231.00LINE;000040;;0303/0030019.;DR-krém na ruce modrý universal D-panthenol;16.000;;20190401;11.9;190.40END;N19-04779-1