BEGIN;N20-03974-1;Spolchemie;VWR;ORDERS;20200317;102511;HEAD;N20-03974-1;20200317;;CZK;10902SOLDTO;26000135;Spolek pro chemickou a hutní výrobu, akciová společnostSHIPTO;26005971;Spolek pro chemickou a hutní výrobu, akciová společnost;;;;Kekulova/Sklářská;;;;;Ústí nad Labem;400 32;CZ;korinkova@spolchemie.cz;477 164 632LINE;000001;;24575.320;n-Hexan 95+ Pestapur, 2,5 l;4.000;;20200317;459;1836.00END;N20-03974-1