BEGIN;20190315;bamed;VWR;ORDERS;20190315;102511;HEAD;20190315;20190315;;CZK;SOLDTO;26005265;bamed s.r.o.SHIPTO;26005265;bamed s.r.o.;;;;Litvínovice 32;;;;;Litvínovice (České Budějovice);370 01;CZ;bamed@bamed.cz;386 351 974LINE;000001;;631-0108;Super Frost Plus - pozor NOVÁ CENA!!;300.000;;20190315;362.14;108642.00LINE;000002;;556760;Labofix 200ml aerosol bez CFCs;300.000;;20190315;78.25;23475.00LINE;000003;;11028303;Decalcifier DC1 5l;10.000;;20190315;901.5;9015.00LINE;000004;;11028305;Decalcifier DC1 2,5l;5.000;;20190315;657.6;3288.00LINE;000005;;11028306;Decalcifier DC2 2,5l - kys. chlorovodíková;2.000;;20190315;836.4;1672.80LINE;000006;;13874550;kazeta MICROTWIN vč. víčka, barva bílá, 500 ks;18.000;;20190315;939;16902.00LINE;000007;;16408370;filtrační vložka do kazet, černá;50.000;;20190315;191.6;9580.00LINE;000008;;631-0659;skla krycí, rozměr 24x24 mm, MRF;10.000;;20190315;501.6;5016.00LINE;000009;;631-0691;skla krycí, rozměr 24x32 mm, MRF;10.000;;20190315;635;6350.00LINE;000010;;631-1574;skla krycí, rozměr 24x50 mm, MRF;50.000;;20190315;844.09;42204.50LINE;000011;;631-0664;skla krycí, rozměr 24x60 mm, MRF;10.000;;20190315;1062;10620.00LINE;000012;;512-0573;Idylla filtrační papír Whatman Grade 1, prům. 10 mm;5.000;;20190315;727.2;3636.00END;20190315